
   WARN  Metadata found in doc-comment for method Tests\Unit\Services\ReferenceCodeServiceTest::it_generates_a_unique_reference_code(). Metadata in doc-comments is deprecated and will no longer be supported in PHPUnit 12. Update your test code to use attributes instead.

   WARN  Metadata found in doc-comment for method Tests\Unit\Services\ReferenceCodeServiceTest::it_validates_reference_codes(). Metadata in doc-comments is deprecated and will no longer be supported in PHPUnit 12. Update your test code to use attributes instead.

   WARN  Metadata found in doc-comment for method Tests\Unit\Services\ReferenceCodeServiceTest::it_retrieves_application_state_by_reference_code(). Metadata in doc-comments is deprecated and will no longer be supported in PHPUnit 12. Update your test code to use attributes instead.

   WARN  Metadata found in doc-comment for method Tests\Unit\Services\ReferenceCodeServiceTest::it_extends_reference_code_expiration(). Metadata in doc-comments is deprecated and will no longer be supported in PHPUnit 12. Update your test code to use attributes instead.

   WARN  Metadata found in doc-comment for method Tests\Unit\Services\SystemMonitoringServiceTest::it_records_pdf_generation_metrics(). Metadata in doc-comments is deprecated and will no longer be supported in PHPUnit 12. Update your test code to use attributes instead.

   WARN  Metadata found in doc-comment for method Tests\Unit\Services\SystemMonitoringServiceTest::it_records_pdf_generation_failures(). Metadata in doc-comments is deprecated and will no longer be supported in PHPUnit 12. Update your test code to use attributes instead.

   WARN  Metadata found in doc-comment for method Tests\Unit\Services\SystemMonitoringServiceTest::it_gets_system_health(). Metadata in doc-comments is deprecated and will no longer be supported in PHPUnit 12. Update your test code to use attributes instead.

   WARN  Metadata found in doc-comment for method Tests\Unit\Services\SystemMonitoringServiceTest::it_checks_database_health(). Metadata in doc-comments is deprecated and will no longer be supported in PHPUnit 12. Update your test code to use attributes instead.

   WARN  Metadata found in doc-comment for method Tests\Unit\Services\SystemMonitoringServiceTest::it_gets_usage_analytics(). Metadata in doc-comments is deprecated and will no longer be supported in PHPUnit 12. Update your test code to use attributes instead.

   WARN  Metadata found in doc-comment for method Tests\Unit\Services\SystemMonitoringServiceTest::it_stores_hourly_statistics(). Metadata in doc-comments is deprecated and will no longer be supported in PHPUnit 12. Update your test code to use attributes instead.

   WARN  Metadata found in doc-comment for method Tests\Unit\Services\SystemMonitoringServiceTest::it_gets_recent_alerts(). Metadata in doc-comments is deprecated and will no longer be supported in PHPUnit 12. Update your test code to use attributes instead.

   WARN  Metadata found in doc-comment for method Tests\Unit\Services\SystemMonitoringServiceTest::it_detects_high_failure_rates(). Metadata in doc-comments is deprecated and will no longer be supported in PHPUnit 12. Update your test code to use attributes instead.

   WARN  Metadata found in doc-comment for method Tests\Unit\Services\SystemMonitoringServiceTest::it_cleans_up_old_data(). Metadata in doc-comments is deprecated and will no longer be supported in PHPUnit 12. Update your test code to use attributes instead.

   WARN  Metadata found in doc-comment for method Tests\Unit\Services\WhatsAppStateMachineTest::it_has_no_more_than_10_rows_in_intent_selection(). Metadata in doc-comments is deprecated and will no longer be supported in PHPUnit 12. Update your test code to use attributes instead.

   WARN  Metadata found in doc-comment for method Tests\Unit\Services\WhatsAppStateMachineTest::it_has_no_more_than_10_rows_in_hardcoded_categories(). Metadata in doc-comments is deprecated and will no longer be supported in PHPUnit 12. Update your test code to use attributes instead.

   WARN  Metadata found in doc-comment for method Tests\Feature\AbandonmentReminderTest::it_sends_reminders_for_abandoned_applications(). Metadata in doc-comments is deprecated and will no longer be supported in PHPUnit 12. Update your test code to use attributes instead.

   WARN  Metadata found in doc-comment for method Tests\Feature\ApplicationStatusTrackingTest::it_can_get_application_status_with_enhanced_tracking(). Metadata in doc-comments is deprecated and will no longer be supported in PHPUnit 12. Update your test code to use attributes instead.

   WARN  Metadata found in doc-comment for method Tests\Feature\ApplicationStatusTrackingTest::it_can_get_detailed_progress_information(). Metadata in doc-comments is deprecated and will no longer be supported in PHPUnit 12. Update your test code to use attributes instead.

   WARN  Metadata found in doc-comment for method Tests\Feature\ApplicationStatusTrackingTest::it_can_send_milestone_notifications(). Metadata in doc-comments is deprecated and will no longer be supported in PHPUnit 12. Update your test code to use attributes instead.

   WARN  Metadata found in doc-comment for method Tests\Feature\ApplicationStatusTrackingTest::it_can_update_status_and_send_notifications(). Metadata in doc-comments is deprecated and will no longer be supported in PHPUnit 12. Update your test code to use attributes instead.

   WARN  Metadata found in doc-comment for method Tests\Feature\ApplicationStatusTrackingTest::it_can_mark_notifications_as_read(). Metadata in doc-comments is deprecated and will no longer be supported in PHPUnit 12. Update your test code to use attributes instead.

   WARN  Metadata found in doc-comment for method Tests\Feature\ApplicationStatusTrackingTest::it_builds_comprehensive_timeline_with_details(). Metadata in doc-comments is deprecated and will no longer be supported in PHPUnit 12. Update your test code to use attributes instead.

   WARN  Metadata found in doc-comment for method Tests\Feature\CrossPlatformReferenceCodeTest::reference_code_enables_seamless_platform_switching(). Metadata in doc-comments is deprecated and will no longer be supported in PHPUnit 12. Update your test code to use attributes instead.

   WARN  Metadata found in doc-comment for method Tests\Feature\CrossPlatformReferenceCodeTest::reference_code_validation_works_consistently(). Metadata in doc-comments is deprecated and will no longer be supported in PHPUnit 12. Update your test code to use attributes instead.

   WARN  Metadata found in doc-comment for method Tests\Feature\CrossPlatformReferenceCodeTest::reference_code_enables_status_tracking_across_platforms(). Metadata in doc-comments is deprecated and will no longer be supported in PHPUnit 12. Update your test code to use attributes instead.

   WARN  Metadata found in doc-comment for method Tests\Feature\CrossPlatformReferenceCodeTest::reference_code_lookup_provides_comprehensive_information(). Metadata in doc-comments is deprecated and will no longer be supported in PHPUnit 12. Update your test code to use attributes instead.

   WARN  Metadata found in doc-comment for method Tests\Feature\EndToEndIntegrationTest::complete_application_flow_from_web_to_whatsapp_to_admin(). Metadata in doc-comments is deprecated and will no longer be supported in PHPUnit 12. Update your test code to use attributes instead.

   WARN  Metadata found in doc-comment for method Tests\Feature\EndToEndIntegrationTest::reference_code_works_across_all_platforms(). Metadata in doc-comments is deprecated and will no longer be supported in PHPUnit 12. Update your test code to use attributes instead.

   WARN  Metadata found in doc-comment for method Tests\Feature\EndToEndIntegrationTest::pdf_generation_works_from_admin_interface(). Metadata in doc-comments is deprecated and will no longer be supported in PHPUnit 12. Update your test code to use attributes instead.

   WARN  Metadata found in doc-comment for method Tests\Feature\EndToEndIntegrationTest::cross_platform_data_synchronization_maintains_consistency(). Metadata in doc-comments is deprecated and will no longer be supported in PHPUnit 12. Update your test code to use attributes instead.

   WARN  Metadata found in doc-comment for method Tests\Feature\EndToEndIntegrationTest::error_handling_works_across_all_components(). Metadata in doc-comments is deprecated and will no longer be supported in PHPUnit 12. Update your test code to use attributes instead.

   WARN  Metadata found in doc-comment for method Tests\Feature\EndToEndIntegrationTest::complete_multi_platform_application_lifecycle(). Metadata in doc-comments is deprecated and will no longer be supported in PHPUnit 12. Update your test code to use attributes instead.

   WARN  Metadata found in doc-comment for method Tests\Feature\EndToEndIntegrationTest::admin_bulk_operations_work_across_platforms(). Metadata in doc-comments is deprecated and will no longer be supported in PHPUnit 12. Update your test code to use attributes instead.

   WARN  Metadata found in doc-comment for method Tests\Feature\EndToEndIntegrationTest::reference_code_functionality_comprehensive_test(). Metadata in doc-comments is deprecated and will no longer be supported in PHPUnit 12. Update your test code to use attributes instead.

   WARN  Metadata found in doc-comment for method Tests\Feature\EndToEndIntegrationTest::error_handling_comprehensive_test(). Metadata in doc-comments is deprecated and will no longer be supported in PHPUnit 12. Update your test code to use attributes instead.

   WARN  Metadata found in doc-comment for method Tests\Feature\PDFVisualComparisonWithDataSetsTest::test_pdfs_with_standard_data_match_design(). Metadata in doc-comments is deprecated and will no longer be supported in PHPUnit 12. Update your test code to use attributes instead.

   WARN  Metadata found in doc-comment for method Tests\Feature\PDFVisualComparisonWithDataSetsTest::test_pdfs_with_edge_case_data_match_design(). Metadata in doc-comments is deprecated and will no longer be supported in PHPUnit 12. Update your test code to use attributes instead.

   WARN  Metadata found in doc-comment for method Tests\Feature\PDFVisualComparisonWithDataSetsTest::test_pdfs_with_form_variations_match_design(). Metadata in doc-comments is deprecated and will no longer be supported in PHPUnit 12. Update your test code to use attributes instead.

  [44;1m INFO [49;22m Test directory "C:\xampp\htdocs\zb bancosystem\tests/Integration" not found.

